MPLINK 4.39, Linker
Linker Map File - Created Tue Dec 02 11:58:49 2014

                                 Section Info
                  Section       Type    Address   Location Size(Bytes)
                ---------  ---------  ---------  ---------  ---------
                   .org_0       code   0x000000    program   0x000000
                   .org_1       code   0x000000    program   0x000008
     .config_2007_TEST1.O       code   0x002007    program   0x000002



                              Program Memory Usage 
                               Start         End      
                           ---------   ---------      
                            0x000000    0x000003      
                            0x002007    0x002007      
            5 out of 8455 program addresses used, program memory utilization is 0%



                              Symbols - Sorted by Name
                     Name    Address   Location    Storage File                     
                ---------  ---------  ---------  --------- ---------                
                    DEBUT   0x000001    program     static C:\Users\TikTik's laptop\Desktop\COURS\pic_terra_magnetum\test1\test1.asm



                              Symbols - Sorted by Address
                     Name    Address   Location    Storage File                     
                ---------  ---------  ---------  --------- ---------                
                    DEBUT   0x000001    program     static C:\Users\TikTik's laptop\Desktop\COURS\pic_terra_magnetum\test1\test1.asm


